- name: 'RFC-0000'
  title: 'Hello world'
  short_description: 'Bye peridot'
  authors: ['hello@google.com']
  file: '0000_hello_world.md'
  area: ['Magenta']
  issue: ['0', '1']
  gerrit_change_id: ['0']
  status: 'Submitted'
  reviewers: ['goodbye@google.com']
  submitted: '01/02/2000'
  reviewed: '01/01/2000'

- name: 'RFC-0000'  # TODO: DO NOT SUBMIT, update.
  title: 'Back to the Fuchsia'
  short_description: 'Fuchsia is a modern OS'
  authors: ['bar@google.com', 'foo@google.com']
  file: '0000_back_to_the_fuchsia.md'
  area: ['Pink']
  issue: ['1234', '5678']
  gerrit_change_id: ['']  # TODO: DO NOT SUBMIT, update.
  status: 'Pending'  # TODO: DO NOT SUBMIT, update.
  reviewers: ['baz@google.com', 'quux@google.com']
  submitted: ''  # TODO: DO NOT SUBMIT, update.
  reviewed: ''  # TODO: DO NOT SUBMIT, update.
