toc:
- title: Proposals
  section:
  - title: "RFC-0000: Hello world"
    path: /docs/contribute/governance/rfcs/0000_hello_world.md
  - title: "RFC-0000: Back to the Fuchsia"  # TODO: DO NOT SUBMIT, update.
    path: /docs/contribute/governance/rfcs/0000_back_to_the_fuchsia.md  # TODO: DO NOT SUBMIT, update.
