# WARNING: This file is machine generated by fidlgen.

from __future__ import annotations

from dataclasses import dataclass

# TODO(https://fxbug.dev/346628306): Enable type checking here once fidl_codec has stubs
from fidl_codec import add_ir_path, encode_fidl_object  # type: ignore
import sys
import typing
import enum

import fidl

_ir_path = fidl._library.get_fidl_ir_map()["test.protocolpayloads"]
add_ir_path(_ir_path)

import fidl_test_protocolpayloads_imported


@dataclass
class LocalStructPayload:
    # TODO(https://fxbug.dev/394421154): The None variant of each type is a consequence
    # of needing to support creation of a "default object" before decoding.
    a: int | None
    b: int | None

    __fidl_kind__ = "struct"
    __fidl_type__ = "LocalStructPayload"
    __fidl_raw_type__ = "test.protocolpayloads/LocalStructPayload"

    # TODO(https://fxbug.dev/394421154): We should probably remove this method when we
    # start making breaking changes.
    def __getitem__(self, item: str):  # type: ignore
        if not isinstance(item, str):
            raise TypeError("Subscripted item must be a string")
        return getattr(self, item)

    # TODO(https://fxbug.dev/394421154): We should probably return a more readable type.
    def encode(self) -> tuple[bytes, list[tuple[int, int, int, int, int]]]:
        return encode_fidl_object(
            self,
            "test.protocolpayloads",
            "test.protocolpayloads/LocalStructPayload",
        )

    @classmethod
    def make_default(cls) -> typing.Self:
        return cls(
            **{
                "a": None,
                "b": None,
            }
        )


@dataclass
class MainProtocolOnAnonRequest:
    # TODO(https://fxbug.dev/394421154): The None variant of each type is a consequence
    # of needing to support creation of a "default object" before decoding.
    a: int | None
    b: int | None

    __fidl_kind__ = "struct"
    __fidl_type__ = "MainProtocolOnAnonRequest"
    __fidl_raw_type__ = "test.protocolpayloads/MainProtocolOnAnonRequest"

    # TODO(https://fxbug.dev/394421154): We should probably remove this method when we
    # start making breaking changes.
    def __getitem__(self, item: str):  # type: ignore
        if not isinstance(item, str):
            raise TypeError("Subscripted item must be a string")
        return getattr(self, item)

    # TODO(https://fxbug.dev/394421154): We should probably return a more readable type.
    def encode(self) -> tuple[bytes, list[tuple[int, int, int, int, int]]]:
        return encode_fidl_object(
            self,
            "test.protocolpayloads",
            "test.protocolpayloads/MainProtocolOnAnonRequest",
        )

    @classmethod
    def make_default(cls) -> typing.Self:
        return cls(
            **{
                "a": None,
                "b": None,
            }
        )


@dataclass
class MainProtocolOneWayAnonRequest:
    # TODO(https://fxbug.dev/394421154): The None variant of each type is a consequence
    # of needing to support creation of a "default object" before decoding.
    a: int | None
    b: int | None

    __fidl_kind__ = "struct"
    __fidl_type__ = "MainProtocolOneWayAnonRequest"
    __fidl_raw_type__ = "test.protocolpayloads/MainProtocolOneWayAnonRequest"

    # TODO(https://fxbug.dev/394421154): We should probably remove this method when we
    # start making breaking changes.
    def __getitem__(self, item: str):  # type: ignore
        if not isinstance(item, str):
            raise TypeError("Subscripted item must be a string")
        return getattr(self, item)

    # TODO(https://fxbug.dev/394421154): We should probably return a more readable type.
    def encode(self) -> tuple[bytes, list[tuple[int, int, int, int, int]]]:
        return encode_fidl_object(
            self,
            "test.protocolpayloads",
            "test.protocolpayloads/MainProtocolOneWayAnonRequest",
        )

    @classmethod
    def make_default(cls) -> typing.Self:
        return cls(
            **{
                "a": None,
                "b": None,
            }
        )


@dataclass
class MainProtocolTwoWayAnonRequest:
    # TODO(https://fxbug.dev/394421154): The None variant of each type is a consequence
    # of needing to support creation of a "default object" before decoding.
    a: int | None
    b: int | None

    __fidl_kind__ = "struct"
    __fidl_type__ = "MainProtocolTwoWayAnonRequest"
    __fidl_raw_type__ = "test.protocolpayloads/MainProtocolTwoWayAnonRequest"

    # TODO(https://fxbug.dev/394421154): We should probably remove this method when we
    # start making breaking changes.
    def __getitem__(self, item: str):  # type: ignore
        if not isinstance(item, str):
            raise TypeError("Subscripted item must be a string")
        return getattr(self, item)

    # TODO(https://fxbug.dev/394421154): We should probably return a more readable type.
    def encode(self) -> tuple[bytes, list[tuple[int, int, int, int, int]]]:
        return encode_fidl_object(
            self,
            "test.protocolpayloads",
            "test.protocolpayloads/MainProtocolTwoWayAnonRequest",
        )

    @classmethod
    def make_default(cls) -> typing.Self:
        return cls(
            **{
                "a": None,
                "b": None,
            }
        )


@dataclass
class MainProtocolTwoWayAnonResponse:
    # TODO(https://fxbug.dev/394421154): The None variant of each type is a consequence
    # of needing to support creation of a "default object" before decoding.
    a: int | None
    b: int | None

    __fidl_kind__ = "struct"
    __fidl_type__ = "MainProtocolTwoWayAnonResponse"
    __fidl_raw_type__ = "test.protocolpayloads/MainProtocolTwoWayAnonResponse"

    # TODO(https://fxbug.dev/394421154): We should probably remove this method when we
    # start making breaking changes.
    def __getitem__(self, item: str):  # type: ignore
        if not isinstance(item, str):
            raise TypeError("Subscripted item must be a string")
        return getattr(self, item)

    # TODO(https://fxbug.dev/394421154): We should probably return a more readable type.
    def encode(self) -> tuple[bytes, list[tuple[int, int, int, int, int]]]:
        return encode_fidl_object(
            self,
            "test.protocolpayloads",
            "test.protocolpayloads/MainProtocolTwoWayAnonResponse",
        )

    @classmethod
    def make_default(cls) -> typing.Self:
        return cls(
            **{
                "a": None,
                "b": None,
            }
        )


@dataclass
class MainProtocolTwoWayAnonWithErrorRequest:
    # TODO(https://fxbug.dev/394421154): The None variant of each type is a consequence
    # of needing to support creation of a "default object" before decoding.
    a: int | None
    b: int | None

    __fidl_kind__ = "struct"
    __fidl_type__ = "MainProtocolTwoWayAnonWithErrorRequest"
    __fidl_raw_type__ = (
        "test.protocolpayloads/MainProtocolTwoWayAnonWithErrorRequest"
    )

    # TODO(https://fxbug.dev/394421154): We should probably remove this method when we
    # start making breaking changes.
    def __getitem__(self, item: str):  # type: ignore
        if not isinstance(item, str):
            raise TypeError("Subscripted item must be a string")
        return getattr(self, item)

    # TODO(https://fxbug.dev/394421154): We should probably return a more readable type.
    def encode(self) -> tuple[bytes, list[tuple[int, int, int, int, int]]]:
        return encode_fidl_object(
            self,
            "test.protocolpayloads",
            "test.protocolpayloads/MainProtocolTwoWayAnonWithErrorRequest",
        )

    @classmethod
    def make_default(cls) -> typing.Self:
        return cls(
            **{
                "a": None,
                "b": None,
            }
        )


@dataclass
class MainProtocolTwoWayAnonWithErrorResponse:
    # TODO(https://fxbug.dev/394421154): The None variant of each type is a consequence
    # of needing to support creation of a "default object" before decoding.
    a: int | None
    b: int | None

    __fidl_kind__ = "struct"
    __fidl_type__ = "MainProtocolTwoWayAnonWithErrorResponse"
    __fidl_raw_type__ = (
        "test.protocolpayloads/MainProtocol_TwoWayAnonWithError_Response"
    )

    # TODO(https://fxbug.dev/394421154): We should probably remove this method when we
    # start making breaking changes.
    def __getitem__(self, item: str):  # type: ignore
        if not isinstance(item, str):
            raise TypeError("Subscripted item must be a string")
        return getattr(self, item)

    # TODO(https://fxbug.dev/394421154): We should probably return a more readable type.
    def encode(self) -> tuple[bytes, list[tuple[int, int, int, int, int]]]:
        return encode_fidl_object(
            self,
            "test.protocolpayloads",
            "test.protocolpayloads/MainProtocol_TwoWayAnonWithError_Response",
        )

    @classmethod
    def make_default(cls) -> typing.Self:
        return cls(
            **{
                "a": None,
                "b": None,
            }
        )


class MainProtocolTwoWayAnonWithErrorResult:
    _response: typing.Optional[MainProtocolTwoWayAnonWithErrorResponse]
    _err: typing.Optional[int]

    __fidl_kind__ = "union"
    __fidl_type__ = "MainProtocolTwoWayAnonWithErrorResult"
    __fidl_raw_type__ = (
        "test.protocolpayloads/MainProtocol_TwoWayAnonWithError_Result"
    )

    def __eq__(self, other: object) -> bool:
        if not isinstance(other, type(self)):
            return False
        if self.response != other.response:
            return False
        if self.err != other.err:
            return False
        return True

    def __repr__(self) -> str:
        """Returns the union repr in the format <'foo.bar.baz/FooUnion' object({value})>

        If {value} is not set, will write None."""
        variant = ""
        if self.response:
            variant = f"response={self.response!r}"
        if self.err:
            variant = f"err={self.err!r}"
        return f"<'{self.__fidl_type__}' object({variant})>"

    def __init__(
        self,
        response: typing.Optional[
            MainProtocolTwoWayAnonWithErrorResponse
        ] = None,
        err: typing.Optional[int] = None,
        _empty: typing.Optional[tuple[()]] = None,
    ):
        object.__init__(self)
        if _empty is not None:
            return

        number_of_variants = 0
        variants = []

        if response is not None:
            self._response = response
            variants.append("response")
            number_of_variants += 1
        if err is not None:
            self._err = err
            variants.append("err")
            number_of_variants += 1
        if number_of_variants > 1:
            raise TypeError(
                f"Exactly one variant must be specified for {self.__fidl_raw_type__}: {variants}"
            )

    @property
    def response(self) -> MainProtocolTwoWayAnonWithErrorResponse | None:
        return getattr(self, "_response", None)

    @property
    def err(self) -> int | None:
        return getattr(self, "_err", None)

    # TODO(https://fxbug.dev/394421154): We should probably remove this method when we
    # start making breaking changes.
    def __getitem__(self, item: str):  # type: ignore
        if not isinstance(item, str):
            raise TypeError("Subscripted item must be a string")
        return getattr(self, item)

    # TODO(https://fxbug.dev/394421154): We should probably return a more readable type.
    def encode(self) -> tuple[bytes, list[tuple[int, int, int, int, int]]]:
        return encode_fidl_object(
            self,
            "test.protocolpayloads",
            "test.protocolpayloads/MainProtocol_TwoWayAnonWithError_Result",
        )

    def unwrap(self) -> MainProtocolTwoWayAnonWithErrorResponse:
        """Returns the response if result does not contain an error. Otherwise, raises an exception."""
        try:
            if (
                hasattr(self, "_framework_err")
                and self._framework_err is not None
            ):
                raise RuntimeError(
                    f"{self.__fidl_raw_type__} framework error {self._framework_err}"
                )
        except AttributeError:
            pass
        try:
            if hasattr(self, "_err") and self._err is not None:
                raise RuntimeError(
                    f"{self.__fidl_raw_type__} error {self._err}"
                )
        except AttributeError:
            pass

        assert (
            self._response is not None
        ), f"Failed to unwrap {self.__fidl_raw_type__}. Result does not contain an error or response."
        return self._response

    @classmethod
    def make_default(cls) -> typing.Self:
        return cls(_empty=())


class MainProtocolTwoWayImportWithErrorResult:
    _response: typing.Optional[
        fidl_test_protocolpayloads_imported.ImportStructPayload
    ]
    _err: typing.Optional[int]

    __fidl_kind__ = "union"
    __fidl_type__ = "MainProtocolTwoWayImportWithErrorResult"
    __fidl_raw_type__ = (
        "test.protocolpayloads/MainProtocol_TwoWayImportWithError_Result"
    )

    def __eq__(self, other: object) -> bool:
        if not isinstance(other, type(self)):
            return False
        if self.response != other.response:
            return False
        if self.err != other.err:
            return False
        return True

    def __repr__(self) -> str:
        """Returns the union repr in the format <'foo.bar.baz/FooUnion' object({value})>

        If {value} is not set, will write None."""
        variant = ""
        if self.response:
            variant = f"response={self.response!r}"
        if self.err:
            variant = f"err={self.err!r}"
        return f"<'{self.__fidl_type__}' object({variant})>"

    def __init__(
        self,
        response: typing.Optional[
            fidl_test_protocolpayloads_imported.ImportStructPayload
        ] = None,
        err: typing.Optional[int] = None,
        _empty: typing.Optional[tuple[()]] = None,
    ):
        object.__init__(self)
        if _empty is not None:
            return

        number_of_variants = 0
        variants = []

        if response is not None:
            self._response = response
            variants.append("response")
            number_of_variants += 1
        if err is not None:
            self._err = err
            variants.append("err")
            number_of_variants += 1
        if number_of_variants > 1:
            raise TypeError(
                f"Exactly one variant must be specified for {self.__fidl_raw_type__}: {variants}"
            )

    @property
    def response(
        self,
    ) -> fidl_test_protocolpayloads_imported.ImportStructPayload | None:
        return getattr(self, "_response", None)

    @property
    def err(self) -> int | None:
        return getattr(self, "_err", None)

    # TODO(https://fxbug.dev/394421154): We should probably remove this method when we
    # start making breaking changes.
    def __getitem__(self, item: str):  # type: ignore
        if not isinstance(item, str):
            raise TypeError("Subscripted item must be a string")
        return getattr(self, item)

    # TODO(https://fxbug.dev/394421154): We should probably return a more readable type.
    def encode(self) -> tuple[bytes, list[tuple[int, int, int, int, int]]]:
        return encode_fidl_object(
            self,
            "test.protocolpayloads",
            "test.protocolpayloads/MainProtocol_TwoWayImportWithError_Result",
        )

    def unwrap(self) -> fidl_test_protocolpayloads_imported.ImportStructPayload:
        """Returns the response if result does not contain an error. Otherwise, raises an exception."""
        try:
            if (
                hasattr(self, "_framework_err")
                and self._framework_err is not None
            ):
                raise RuntimeError(
                    f"{self.__fidl_raw_type__} framework error {self._framework_err}"
                )
        except AttributeError:
            pass
        try:
            if hasattr(self, "_err") and self._err is not None:
                raise RuntimeError(
                    f"{self.__fidl_raw_type__} error {self._err}"
                )
        except AttributeError:
            pass

        assert (
            self._response is not None
        ), f"Failed to unwrap {self.__fidl_raw_type__}. Result does not contain an error or response."
        return self._response

    @classmethod
    def make_default(cls) -> typing.Self:
        return cls(_empty=())


class MainProtocolTwoWayLocalWithErrorResult:
    _response: typing.Optional[LocalStructPayload]
    _err: typing.Optional[int]

    __fidl_kind__ = "union"
    __fidl_type__ = "MainProtocolTwoWayLocalWithErrorResult"
    __fidl_raw_type__ = (
        "test.protocolpayloads/MainProtocol_TwoWayLocalWithError_Result"
    )

    def __eq__(self, other: object) -> bool:
        if not isinstance(other, type(self)):
            return False
        if self.response != other.response:
            return False
        if self.err != other.err:
            return False
        return True

    def __repr__(self) -> str:
        """Returns the union repr in the format <'foo.bar.baz/FooUnion' object({value})>

        If {value} is not set, will write None."""
        variant = ""
        if self.response:
            variant = f"response={self.response!r}"
        if self.err:
            variant = f"err={self.err!r}"
        return f"<'{self.__fidl_type__}' object({variant})>"

    def __init__(
        self,
        response: typing.Optional[LocalStructPayload] = None,
        err: typing.Optional[int] = None,
        _empty: typing.Optional[tuple[()]] = None,
    ):
        object.__init__(self)
        if _empty is not None:
            return

        number_of_variants = 0
        variants = []

        if response is not None:
            self._response = response
            variants.append("response")
            number_of_variants += 1
        if err is not None:
            self._err = err
            variants.append("err")
            number_of_variants += 1
        if number_of_variants > 1:
            raise TypeError(
                f"Exactly one variant must be specified for {self.__fidl_raw_type__}: {variants}"
            )

    @property
    def response(self) -> LocalStructPayload | None:
        return getattr(self, "_response", None)

    @property
    def err(self) -> int | None:
        return getattr(self, "_err", None)

    # TODO(https://fxbug.dev/394421154): We should probably remove this method when we
    # start making breaking changes.
    def __getitem__(self, item: str):  # type: ignore
        if not isinstance(item, str):
            raise TypeError("Subscripted item must be a string")
        return getattr(self, item)

    # TODO(https://fxbug.dev/394421154): We should probably return a more readable type.
    def encode(self) -> tuple[bytes, list[tuple[int, int, int, int, int]]]:
        return encode_fidl_object(
            self,
            "test.protocolpayloads",
            "test.protocolpayloads/MainProtocol_TwoWayLocalWithError_Result",
        )

    def unwrap(self) -> LocalStructPayload:
        """Returns the response if result does not contain an error. Otherwise, raises an exception."""
        try:
            if (
                hasattr(self, "_framework_err")
                and self._framework_err is not None
            ):
                raise RuntimeError(
                    f"{self.__fidl_raw_type__} framework error {self._framework_err}"
                )
        except AttributeError:
            pass
        try:
            if hasattr(self, "_err") and self._err is not None:
                raise RuntimeError(
                    f"{self.__fidl_raw_type__} error {self._err}"
                )
        except AttributeError:
            pass

        assert (
            self._response is not None
        ), f"Failed to unwrap {self.__fidl_raw_type__}. Result does not contain an error or response."
        return self._response

    @classmethod
    def make_default(cls) -> typing.Self:
        return cls(_empty=())


class MainProtocolServer(fidl._server.ServerBase):
    __fidl_kind__ = "server"
    library = "test.protocolpayloads"
    method_map: typing.Dict[int, typing.Callable[..., typing.Any]] = {}


class MainProtocolClient(fidl._client.FidlClient):
    __fidl_kind__ = "client"
    library = "test.protocolpayloads"
    method_map: typing.Dict[int, typing.Callable[..., typing.Any]] = {}


class MainProtocolEventHandler(fidl._client.EventHandlerBase):
    __fidl_kind__ = "event_handler"
    library = "test.protocolpayloads"
    method_map: typing.Dict[int, typing.Callable[..., typing.Any]] = {}


MainProtocolMarker = fidl._library.ProtocolMarker(
    "(nondiscoverable) test.protocolpayloads/MainProtocol"
)
