{
  "name": "test.overflowing",
  "experiments": [
    "allow_overflowing",
    "no_optional_structs",
    "output_index_json",
    "simple_empty_response_syntax",
    "unknown_interactions"
  ],
  "library_dependencies": [],
  "bits_declarations": [],
  "const_declarations": [],
  "enum_declarations": [],
  "experimental_resource_declarations": [],
  "protocol_declarations": [],
  "service_declarations": [],
  "struct_declarations": [],
  "external_struct_declarations": [],
  "table_declarations": [],
  "union_declarations": [],
  "alias_declarations": [],
  "new_type_declarations": [],
  "declaration_order": [],
  "declarations": {}
}
