//build/sdk/meta:meta
//zircon/public/sysroot/sdk:sysroot_sdk
