{
  "name": "show",
  "description": "Prints the inspect hierarchies that match the given selectors. See https://fuchsia.dev/fuchsia-src/development/diagnostics/inspect#userspace_tools for more.",
  "examples": [],
  "flags": [
    {
      "kind": "Switch",
      "optionality": "optional",
      "long": "--help",
      "short": null,
      "description": "display usage information",
      "hidden": false
    },
    {
      "kind": {
        "Option": {
          "arg_name": "manifest"
        }
      },
      "optionality": "optional",
      "long": "--manifest",
      "short": null,
      "description": "the name of the manifest file that we are interested in. If this is provided, any additional selectors should omit the component selector, and the output will only contain monikers for components whose url contains the provided name.",
      "hidden": false
    },
    {
      "kind": {
        "Option": {
          "arg_name": "accessor"
        }
      },
      "optionality": "optional",
      "long": "--accessor",
      "short": null,
      "description": "A string specifying what `fuchsia.diagnostics.ArchiveAccessor` to connect to. This can be copied from the output of `ffx inspect list-accessors`. The selector will be in the form of: <moniker>:<directory>:fuchsia.diagnostics.ArchiveAccessorName",
      "hidden": false
    },
    {
      "kind": {
        "Option": {
          "arg_name": "name"
        }
      },
      "optionality": "optional",
      "long": "--name",
      "short": null,
      "description": "specifies a tree published by a component by name. If a selector is also provided, the specified name will be added to the selector.",
      "hidden": false
    }
  ],
  "notes": [],
  "commands": [],
  "positionals": [
    {
      "name": "selectors",
      "description": "queries for accessing Inspect data. If no selectors are provided, Inspect data for the whole system will be returned.",
      "optionality": "repeating",
      "hidden": false
    }
  ],
  "error_codes": []
}